// Jest Snapshot v1, https://goo.gl/fbAQLP

exports[`<Home /> renders consistently 1`] = `
<body>
  <div>
    <div
      class="ion-page"
    >
      <ion-header>
        <!---->
        <ion-toolbar>
          <ion-title>
            Blank
          </ion-title>
        </ion-toolbar>
      </ion-header>
      <ion-content
        fullscreen="true"
      >
        <ion-header
          collapse="condense"
        >
          <!---->
          <ion-toolbar>
            <ion-title
              size="large"
            >
              Blank
            </ion-title>
          </ion-toolbar>
        </ion-header>
        <ion-button
          data-testid="openModalButton"
        >
          Open Modal
        </ion-button>
      </ion-content>
    </div>
  </div>
</body>
`;
